Startpoint: b (input port clocked by clk)
Endpoint: _3_ (rising edge-triggered flip-flop clocked by clk)
Path Group: clk
Path Type: max

  Delay    Time   Description
---------------------------------------------------------
   0.00    0.00   clock clk (rise edge)
   0.00    0.00   clock network delay (ideal)
   0.40    0.40 v input external delay
   0.00    0.40 v b (in)
   0.11    0.51 ^ _1_/Y (sky130_fd_sc_hd__a21oi_1)
   0.04    0.55 v _2_/Y (sky130_fd_sc_hd__nor2_1)
   0.00    0.55 v _3_/D (sky130_fd_sc_hd__dfxtp_1)
           0.55   data arrival time

   0.50    0.50   clock clk (rise edge)
   0.00    0.50   clock network delay (ideal)
   0.00    0.50   clock reconvergence pessimism
           0.50 ^ _3_/CLK (sky130_fd_sc_hd__dfxtp_1)
  -0.11    0.39   library setup time
           0.39   data required time
---------------------------------------------------------
           0.39   data required time
          -0.55   data arrival time
---------------------------------------------------------
          -0.17   slack (VIOLATED)


No paths found.
