Startpoint: _0_ (rising edge-triggered flip-flop clocked by clk)
Endpoint: _4_ (rising edge-triggered flip-flop clocked by clk)
Path Group: clk
Path Type: min

  Delay    Time   Description
---------------------------------------------------------
   0.00    0.00   clock clk (rise edge)
   0.00    0.00   clock network delay (ideal)
   0.00    0.00 ^ _0_/CLK (sky130_fd_sc_hd__dfxtp_1)
   0.27    0.27 ^ _0_/Q (sky130_fd_sc_hd__dfxtp_1)
   0.00    0.27 ^ _4_/D (sky130_fd_sc_hd__dfxtp_1)
           0.27   data arrival time

   0.00    0.00   clock clk (rise edge)
   0.00    0.00   clock network delay (ideal)
   0.30    0.30   clock uncertainty
   0.00    0.30   clock reconvergence pessimism
           0.30 ^ _4_/CLK (sky130_fd_sc_hd__dfxtp_1)
  -0.03    0.27   library hold time
           0.27   data required time
---------------------------------------------------------
           0.27   data required time
          -0.27   data arrival time
---------------------------------------------------------
           0.01   slack (MET)


Startpoint: d[0] (input port clocked by clk)
Endpoint: _0_ (rising edge-triggered flip-flop clocked by clk)
Path Group: clk
Path Type: max

  Delay    Time   Description
---------------------------------------------------------
   0.00    0.00   clock clk (rise edge)
   0.00    0.00   clock network delay (ideal)
   1.80    1.80 v input external delay
   0.00    1.80 v d[0] (in)
   0.00    1.80 v _0_/D (sky130_fd_sc_hd__dfxtp_1)
           1.80   data arrival time

   2.00    2.00   clock clk (rise edge)
   0.00    2.00   clock network delay (ideal)
  -0.10    1.90   clock uncertainty
   0.00    1.90   clock reconvergence pessimism
           1.90 ^ _0_/CLK (sky130_fd_sc_hd__dfxtp_1)
  -0.10    1.80   library setup time
           1.80   data required time
---------------------------------------------------------
           1.80   data required time
          -1.80   data arrival time
---------------------------------------------------------
           0.00   slack (VIOLATED)


