Startpoint: _59_ (rising edge-triggered flip-flop clocked by clk)
Endpoint: _49_ (rising edge-triggered flip-flop clocked by clk)
Path Group: clk
Path Type: max

  Delay    Time   Description
---------------------------------------------------------
   0.00    0.00   clock clk (rise edge)
   0.00    0.00   clock network delay (ideal)
   0.00    0.00 ^ _59_/CLK (sky130_fd_sc_hd__dfxtp_1)
   0.28    0.28 v _59_/Q (sky130_fd_sc_hd__dfxtp_1)
   0.22    0.51 ^ _22_/Y (sky130_fd_sc_hd__o211ai_1)
   0.15    0.66 v _30_/Y (sky130_fd_sc_hd__a311oi_1)
   0.36    1.02 ^ _38_/Y (sky130_fd_sc_hd__o311ai_0)
   0.12    1.14 v _41_/Y (sky130_fd_sc_hd__a31oi_1)
   0.00    1.14 v _49_/D (sky130_fd_sc_hd__dfxtp_1)
           1.14   data arrival time

   1.00    1.00   clock clk (rise edge)
   0.00    1.00   clock network delay (ideal)
   0.00    1.00   clock reconvergence pessimism
           1.00 ^ _49_/CLK (sky130_fd_sc_hd__dfxtp_1)
  -0.13    0.87   library setup time
           0.87   data required time
---------------------------------------------------------
           0.87   data required time
          -1.14   data arrival time
---------------------------------------------------------
          -0.28   slack (VIOLATED)


Startpoint: a[0] (input port clocked by clk)
Endpoint: _50_ (rising edge-triggered flip-flop clocked by clk)
Path Group: clk
Path Type: min

  Delay    Time   Description
---------------------------------------------------------
   0.00    0.00   clock clk (rise edge)
   0.00    0.00   clock network delay (ideal)
   0.10    0.10 ^ input external delay
   0.00    0.10 ^ a[0] (in)
   0.00    0.10 ^ _50_/D (sky130_fd_sc_hd__dfxtp_1)
           0.10   data arrival time

   0.00    0.00   clock clk (rise edge)
   0.00    0.00   clock network delay (ideal)
   0.00    0.00   clock reconvergence pessimism
           0.00 ^ _50_/CLK (sky130_fd_sc_hd__dfxtp_1)
  -0.03   -0.03   library hold time
          -0.03   data required time
---------------------------------------------------------
          -0.03   data required time
          -0.10   data arrival time
---------------------------------------------------------
           0.13   slack (MET)


