Startpoint: b (input port clocked by clk)
Endpoint: _1_ (rising edge-triggered flip-flop clocked by clk)
Path Group: clk
Path Type: max

  Delay    Time   Description
---------------------------------------------------------
   0.00    0.00   clock clk (rise edge)
   0.00    0.00   clock network delay (ideal)
   0.50    0.50 v input external delay
   0.00    0.50 v b (in)
   0.15    0.65 v _0_/X (sky130_fd_sc_hd__a21o_1)
   0.00    0.65 v _1_/D (sky130_fd_sc_hd__dfxtp_1)
           0.65   data arrival time

   2.00    2.00   clock clk (rise edge)
   0.00    2.00   clock network delay (ideal)
   0.00    2.00   clock reconvergence pessimism
           2.00 ^ _1_/CLK (sky130_fd_sc_hd__dfxtp_1)
  -0.11    1.89   library setup time
           1.89   data required time
---------------------------------------------------------
           1.89   data required time
          -0.65   data arrival time
---------------------------------------------------------
           1.24   slack (MET)


